[ant-construction.mysapo.net/index.html]
[backblue.gif]
[fade.gif]
[index.html]
[bizweb.dktcdn.net/100/321/299/themes/670850/assets/faviconf96c.png]
[bizweb.dktcdn.net/100/321/299/themes/670850/assets/logof96c.png]
[bizweb.dktcdn.net/100/321/299/themes/670850/assets/plugin.scssf96c.css]
[bizweb.dktcdn.net/100/321/299/themes/670850/assets/base.scssf96c.css]
[bizweb.dktcdn.net/100/321/299/themes/670850/assets/ant-construction.scssf96c.css]
[bizweb.dktcdn.net/100/321/299/themes/670850/assets/jquery-2.2.3.minf96c.js]
[ant-construction.mysapo.net/s.6.delayed]
[ant-construction.mysapo.net/dist/js/stats.min4143.js]
[ant-construction.mysapo.net/cart.html]
[ant-construction.mysapo.net/dai-ly.html]
[ant-construction.mysapo.net/gioi-thieu.html]
[ant-construction.mysapo.net/collections/all.html]
[ant-construction.mysapo.net/dung-cu-cam-tay.html]
[ant-construction.mysapo.net/nhom-su-dung-dien.html]
[ant-construction.mysapo.net/phu-kien-gia-dinh.html]
[ant-construction.mysapo.net/van-chuyen-nang-do.html]
[ant-construction.mysapo.net/dung-cu-lam-vuon.html]
[ant-construction.mysapo.net/son-dau-mo-hoa-chat.html]
[ant-construction.mysapo.net/vat-dung-khac.html]
[ant-construction.mysapo.net/kim-khi-bao-ho-lao-dong.html]
[ant-construction.mysapo.net/tin-tuc.html]
[ant-construction.mysapo.net/nha-dep.html]
[ant-construction.mysapo.net/khong-gian-song.html]
[ant-construction.mysapo.net/lien-he.html]
[bizweb.dktcdn.net/100/321/299/themes/670850/assets/slider_1f96c.jpg]
[bizweb.dktcdn.net/thumb/large/100/321/299/themes/670850/assets/slider_1f96c.jpg]
[bizweb.dktcdn.net/thumb/grande/100/321/299/themes/670850/assets/slider_1f96c.jpg]
[ant-construction.mysapo.net/nha-sai-gon-kin-cong-cao-tuong-nhung-ngap-nang-cay-xanh.html]
[bizweb.dktcdn.net/thumb/large/100/321/299/articles/nha-quan-9-4-1528165140-680x0e7d0.jpg]
[ant-construction.mysapo.net/can-ho-ha-noi-dep-nhu-khach-san-cua-chu-nha-khat-khe.html]
[bizweb.dktcdn.net/thumb/large/100/321/299/articles/da-dang-07-1530254935-680x01f67.jpg]
[ant-construction.mysapo.net/khong-gian-ky-la-trong-ngoi-nha-co-ve-ngoai-moc-mac.html]
[bizweb.dktcdn.net/thumb/large/100/321/299/articles/nha-la-3-1530243872-680x069a3.jpg]
[ant-construction.mysapo.net/gia-dinh-da-lat-song-trong-nha-go-giua-vuon-hong-1-000-m2.html]
[bizweb.dktcdn.net/thumb/large/100/321/299/articles/da-lat-12-1530608880-680x0fe3e.jpg]
[ant-construction.mysapo.net/nha-33-m2-thoang-rong-nho-gac-xep-don-gian-1.html]
[bizweb.dktcdn.net/thumb/large/100/321/299/articles/33-m2-2-1530498369-680x0-78156509-6432-4e59-ba6e-561bfeb8503d36d9.jpg]
[ant-construction.mysapo.net/sua-can-ho-chat-choi-thanh-thoang-rong-voi-245-trieu.html]
[bizweb.dktcdn.net/thumb/large/100/321/299/articles/sinhthai-2-1528860133-680x09c9e.jpg]
[ant-construction.mysapo.net/nhung-khu-vuon-dep-nhu-tranh-tren-xe-tai-cua-nguoi-nhat.html]
[bizweb.dktcdn.net/thumb/large/100/321/299/articles/v4-1529012836-680x0be4f.jpg]
[ant-construction.mysapo.net/ngoi-nha-co-mot-tang-nam-duoi-mat-nuoc.html]
[bizweb.dktcdn.net/thumb/large/100/321/299/articles/nuoc-4-1529663638-680x02294.jpg]
[ant-construction.mysapo.net/bo-dung-cu-van-vit-da-nang-10-chi-tiet-bosch-2607019510-xanh-reu.html]
[ant-construction.mysapo.net/may-khoan-dong-luc-bosch-gsb-13-re-set-100-chi-tiet-650w-xanh.html]
[ant-construction.mysapo.net/may-phun-xit-rua-ap-luc-cao-bosch-easy-aquatak-110-1300w-xanh-la.html]
[ant-construction.mysapo.net/may-cat-sat-bosch-gco-200-2000w-3-to-giay-nham.html]
[ant-construction.mysapo.net/may-khoan-professional-bosch-gbm-320-320w-xanh-duong.html]
[bizweb.dktcdn.net/100/321/299/themes/670850/assets/partner_1f96c.png]
[bizweb.dktcdn.net/100/321/299/themes/670850/assets/partner_2f96c.jpg]
[bizweb.dktcdn.net/100/321/299/themes/670850/assets/partner_3f96c.jpg]
[bizweb.dktcdn.net/100/321/299/themes/670850/assets/partner_4f96c.jpg]
[bizweb.dktcdn.net/100/321/299/themes/670850/assets/partner_5f96c.jpg]
[bizweb.dktcdn.net/100/321/299/themes/670850/assets/bpr-products-modulef96c.css]
[ant-construction.mysapo.net/account/login.html]
[ant-construction.mysapo.net/account/register.html]
[bizweb.dktcdn.net/assets/themes_support/api.jquery.js]
[bizweb.dktcdn.net/thumb/large/assets/themes_support/noimage.gif]
[cdnjs.cloudflare.com/ajax/libs/jquery-form-validator/2.3.26/jquery.form-validator.min.js]
[bizweb.dktcdn.net/100/321/299/themes/670850/assets/counterup-minf96c.js]
[bizweb.dktcdn.net/100/321/299/themes/670850/assets/mainf96c.js]
[ant-construction.mysapo.net/index.html]
[bizweb.dktcdn.net/100/321/299/themes/670850/assets/plugin.scssf96c.css]
[maxcdn.bootstrapcdn.com/font-awesome/4.7.0/css/font-awesome.min.css]
[bizweb.dktcdn.net/100/321/299/themes/670850/assets/ico-selectsce9b.png]
[bizweb.dktcdn.net/100/321/299/themes/670850/assets/ico-selects.png]
[bizweb.dktcdn.net/100/321/299/themes/670850/assets/btn-editce9b.png]
[bizweb.dktcdn.net/100/321/299/themes/670850/assets/base.scssf96c.css]
[bizweb.dktcdn.net/100/321/299/themes/670850/assets/footer-stripce9b.png]
[bizweb.dktcdn.net/100/321/299/themes/670850/assets/ant-construction.scssf96c.css]
[ant-construction.mysapo.net/s.html]
[bizweb.dktcdn.net/100/321/299/themes/670850/assets/empty-cartf96c.png]
[ant-construction.mysapo.net/cart.html]
[ant-construction.mysapo.net/GET]
[ant-construction.mysapo.net/dai-ly.html]
[bizweb.dktcdn.net/100/321/299/themes/670850/assets/about_service_1f96c.png]
[bizweb.dktcdn.net/100/321/299/themes/670850/assets/about_service_2f96c.png]
[bizweb.dktcdn.net/100/321/299/themes/670850/assets/about_service_3f96c.png]
[bizweb.dktcdn.net/100/321/299/themes/670850/assets/about_service_4f96c.png]
[bizweb.dktcdn.net/100/321/299/themes/670850/assets/about_service_5f96c.png]
[bizweb.dktcdn.net/100/321/299/themes/670850/assets/about_service_6f96c.png]
[bizweb.dktcdn.net/100/321/299/themes/670850/assets/our_team_image_1f96c.jpg]
[bizweb.dktcdn.net/100/321/299/themes/670850/assets/our_team_image_2f96c.jpg]
[bizweb.dktcdn.net/100/321/299/themes/670850/assets/our_team_image_3f96c.jpg]
[bizweb.dktcdn.net/100/321/299/themes/670850/assets/our_team_image_4f96c.jpg]
[ant-construction.mysapo.net/gioi-thieu.html]
[ant-construction.mysapo.net/may-khoan-bua-bosch-gbh-2-24-re-790w.html]
[ant-construction.mysapo.net/may-khoan-van-vit-dung-pin-bosch-gsb-180-li.html]
[ant-construction.mysapo.net/may-khoan-van-vit-dung-pin-bosch.html]
[ant-construction.mysapo.net/may-khoan-bua-d25032-dewalt.html]
[ant-construction.mysapo.net/bo-nen-khi-khong-day-flexvolt-60v-max-2-5-gallon.html]
[ant-construction.mysapo.net/may-khoan-dong-luc-650w-dewalt-dwd024k-13mm-0-2800rpm-kem-vali-mui.html]
[ant-construction.mysapo.net/may-thoi-hoi-nong-dewalt-d26414.html]
[bizweb.dktcdn.net/100/321/299/themes/670850/assets/search_filterf96c.js]
[ant-construction.mysapo.net/collections/account/login.5c.delayed]
[ant-construction.mysapo.net/collections/all.html]
[ant-construction.mysapo.net/dung-cu-cam-tay.html]
[ant-construction.mysapo.net/may-khoan-bua-2-chuc-nang-dewalt-d25032k.html]
[ant-construction.mysapo.net/may-khoan-bua-3-chuc-nang-dewalt-d25133k.html]
[ant-construction.mysapo.net/may-khoan-dong-luc-650w-dewalt-dwd024.html]
[ant-construction.mysapo.net/nhom-su-dung-dien.html]
[ant-construction.mysapo.net/phu-kien-gia-dinh.html]
[ant-construction.mysapo.net/may-khoan-dao-chieu-550w-dewalt-dwd022k.html]
[ant-construction.mysapo.net/van-chuyen-nang-do.html]
[ant-construction.mysapo.net/dung-cu-lam-vuon.html]
[ant-construction.mysapo.net/son-dau-mo-hoa-chat.html]
[ant-construction.mysapo.net/vat-dung-khac.html]
[ant-construction.mysapo.net/kim-khi-bao-ho-lao-dong.html]
[ant-construction.mysapo.net/can-ho-20-m2-nhin-khong-thay-do-nhung-co-du-moi-thu.html]
[ant-construction.mysapo.net/trong-rau-trong-nha-va-ban-cong-gia-dinh-viet-o-czech-du-an-quanh-nam.html]
[ant-construction.mysapo.net/tin-tuc4658.html]
[ant-construction.mysapo.net/tin-tuc.html]
[ant-construction.mysapo.net/nha-dep.html]
[ant-construction.mysapo.net/khong-gian-song.html]
[www.google.com/recaptcha/apif78f.js]
[ant-construction.mysapo.net/lien-he.html]
[bizweb.dktcdn.net/thumb/grande/100/321/299/articles/nha-quan-9-4-1528165140-680x0e7d0.jpg]
[bizweb.dktcdn.net/100/321/299/articles/nha-quan-9-4-1528165140-680x0e7d0.jpg]
[bizweb.dktcdn.net/100/321/299/files/nha-quan-9-1-1528165139-680x02f94.jpg]
[bizweb.dktcdn.net/100/321/299/files/anh-thay-the-680x01d34.jpg]
[bizweb.dktcdn.net/100/321/299/files/nha-quan-9-3-1528165140-680x05acd.jpg]
[ant-construction.mysapo.net/nha-sai-gon-kin-cong-cao-tuong-nhung-ngap-nang-cay-xanh.html]
[bizweb.dktcdn.net/thumb/grande/100/321/299/articles/da-dang-07-1530254935-680x01f67.jpg]
[bizweb.dktcdn.net/100/321/299/articles/da-dang-07-1530254935-680x01f67.jpg]
[s7.addthis.com/js/300/addthis_widget.js]
[bizweb.dktcdn.net/100/321/299/files/da-dang-02-1530254934-680x06877.jpg]
[bizweb.dktcdn.net/100/321/299/files/da-dang-04-1530254935-680x0f3ed.jpg]
[bizweb.dktcdn.net/100/321/299/files/da-dang-06-1530254935-680x0b06d.jpg]
[ant-construction.mysapo.net/can-ho-ha-noi-dep-nhu-khach-san-cua-chu-nha-khat-khe.html]
[bizweb.dktcdn.net/thumb/grande/100/321/299/articles/nha-la-3-1530243872-680x069a3.jpg]
[bizweb.dktcdn.net/100/321/299/articles/nha-la-3-1530243872-680x069a3.jpg]
[bizweb.dktcdn.net/100/321/299/files/nha-la-1-1530243870-680x0eea3.jpg]
[bizweb.dktcdn.net/100/321/299/files/nha-la-2-1530243871-680x01340.jpg]
[bizweb.dktcdn.net/100/321/299/files/nha-la-4-1530243873-680x0ef24.jpg]
[ant-construction.mysapo.net/khong-gian-ky-la-trong-ngoi-nha-co-ve-ngoai-moc-mac.html]
[bizweb.dktcdn.net/thumb/grande/100/321/299/articles/da-lat-12-1530608880-680x0fe3e.jpg]
[bizweb.dktcdn.net/100/321/299/articles/da-lat-12-1530608880-680x0fe3e.jpg]
[bizweb.dktcdn.net/100/321/299/files/da-lat-1-1530608876-680x052a6.jpg]
[bizweb.dktcdn.net/100/321/299/files/da-lat-4-1530608877-680x01353.jpg]
[bizweb.dktcdn.net/100/321/299/files/da-lat-7-1530608878-680x07d68.jpg]
[ant-construction.mysapo.net/gia-dinh-da-lat-song-trong-nha-go-giua-vuon-hong-1-000-m2.html]
[bizweb.dktcdn.net/thumb/grande/100/321/299/articles/33-m2-2-1530498369-680x0-78156509-6432-4e59-ba6e-561bfeb8503d36d9.jpg]
[bizweb.dktcdn.net/100/321/299/articles/33-m2-2-1530498369-680x0-78156509-6432-4e59-ba6e-561bfeb8503d36d9.jpg]
[bizweb.dktcdn.net/100/321/299/files/33-m2-2-1530498369-680x0d727.jpg]
[bizweb.dktcdn.net/100/321/299/files/33-m2-3-1530498369-680x03b76.jpg]
[bizweb.dktcdn.net/100/321/299/files/33-m2-5-1530498370-680x0c3f6.jpg]
[ant-construction.mysapo.net/nha-33-m2-thoang-rong-nho-gac-xep-don-gian-1.html]
[bizweb.dktcdn.net/thumb/grande/100/321/299/articles/sinhthai-2-1528860133-680x09c9e.jpg]
[bizweb.dktcdn.net/100/321/299/articles/sinhthai-2-1528860133-680x09c9e.jpg]
[bizweb.dktcdn.net/100/321/299/files/sinhthai-2-1528860133-680x0ea73.jpg]
[bizweb.dktcdn.net/100/321/299/files/sinhthai-3-1528860133-680x01e4c.jpg]
[bizweb.dktcdn.net/100/321/299/files/sinhthai-6-1528860150-680x06ba8.jpg]
[ant-construction.mysapo.net/sua-can-ho-chat-choi-thanh-thoang-rong-voi-245-trieu.html]
[bizweb.dktcdn.net/thumb/grande/100/321/299/articles/v4-1529012836-680x0be4f.jpg]
[bizweb.dktcdn.net/100/321/299/articles/v4-1529012836-680x0be4f.jpg]
[i-giadinh.vnecdn.net/2018/06/15/v1-1529012336_680x0.jpg]
[i-giadinh.vnecdn.net/2018/06/15/v2-1529012810_680x0.jpg]
[i-giadinh.vnecdn.net/2018/06/15/v4-1529012836_680x0.jpg]
[ant-construction.mysapo.net/nhung-khu-vuon-dep-nhu-tranh-tren-xe-tai-cua-nguoi-nhat.html]
[bizweb.dktcdn.net/thumb/grande/100/321/299/articles/nuoc-4-1529663638-680x02294.jpg]
[bizweb.dktcdn.net/100/321/299/articles/nuoc-4-1529663638-680x02294.jpg]
[bizweb.dktcdn.net/100/321/299/files/nuoc-1-1529663637-680x0d387.jpg]
[bizweb.dktcdn.net/100/321/299/files/nuoc-3-1529663637-680x05058.jpg]
[bizweb.dktcdn.net/100/321/299/files/nuoc-4-1529663638-680x05813.jpg]
[bizweb.dktcdn.net/100/321/299/files/nuoc-5-1529663638-680x04c68.jpg]
[ant-construction.mysapo.net/ngoi-nha-co-mot-tang-nam-duoi-mat-nuoc.html]
[bizweb.dktcdn.net/thumb/grande/100/321/299/products/157061863833900f00.jpg]
[bizweb.dktcdn.net/thumb/grande/100/321/299/products/96245650882860f00.jpg]
[bizweb.dktcdn.net/thumb/grande/100/321/299/products/96246006743340f00.jpg]
[bizweb.dktcdn.net/thumb/1024x1024/100/321/299/products/157061863833900f00.jpg]
[bizweb.dktcdn.net/100/321/299/products/157061863833900f00.jpg]
[bizweb.dktcdn.net/100/321/299/products/96245650882860f00.jpg]
[bizweb.dktcdn.net/100/321/299/products/96246006743340f00.jpg]
[bizweb.dktcdn.net/100/321/299/products/102085035950380f00.jpg]
[bizweb.dktcdn.net/100/321/299/products/950130907548610f00.jpg]
[bizweb.dktcdn.net/100/321/299/products/95013090754860f00.jpg]
[bizweb.dktcdn.net/thumb/medium/100/321/299/products/157061863833900f00.jpg]
[bizweb.dktcdn.net/thumb/1024x1024/100/321/299/products/96245650882860f00.jpg]
[bizweb.dktcdn.net/thumb/medium/100/321/299/products/96245650882860f00.jpg]
[bizweb.dktcdn.net/thumb/1024x1024/100/321/299/products/96246006743340f00.jpg]
[bizweb.dktcdn.net/thumb/medium/100/321/299/products/96246006743340f00.jpg]
[bizweb.dktcdn.net/thumb/1024x1024/100/321/299/products/102085035950380f00.jpg]
[bizweb.dktcdn.net/thumb/medium/100/321/299/products/102085035950380f00.jpg]
[bizweb.dktcdn.net/thumb/1024x1024/100/321/299/products/950130907548610f00.jpg]
[bizweb.dktcdn.net/thumb/medium/100/321/299/products/950130907548610f00.jpg]
[bizweb.dktcdn.net/thumb/1024x1024/100/321/299/products/95013090754860f00.jpg]
[bizweb.dktcdn.net/thumb/medium/100/321/299/products/95013090754860f00.jpg]
[bizweb.dktcdn.net/100/321/299/themes/670850/assets/lightboxf96c.css]
[bizweb.dktcdn.net/100/321/299/themes/670850/assets/jquery.elevatezoom308.minf96c.js]
[bizweb.dktcdn.net/100/321/299/themes/670850/assets/jquery.prettyphoto.init.min367af96c.js]
[bizweb.dktcdn.net/100/321/299/themes/670850/assets/jquery.prettyphoto.min005ef96c.js]
[ant-construction.mysapo.net/bo-dung-cu-van-vit-da-nang-10-chi-tiet-bosch-2607019510-xanh-reu.html]
[bizweb.dktcdn.net/thumb/grande/100/321/299/products/14048053854238642e.jpg]
[bizweb.dktcdn.net/thumb/grande/100/321/299/products/13130688987166642e.jpg]
[bizweb.dktcdn.net/thumb/1024x1024/100/321/299/products/14048053854238642e.jpg]
[bizweb.dktcdn.net/100/321/299/products/14048053854238642e.jpg]
[bizweb.dktcdn.net/100/321/299/products/13130688987166642e.jpg]
[bizweb.dktcdn.net/thumb/medium/100/321/299/products/14048053854238642e.jpg]
[bizweb.dktcdn.net/thumb/1024x1024/100/321/299/products/13130688987166642e.jpg]
[bizweb.dktcdn.net/thumb/medium/100/321/299/products/13130688987166642e.jpg]
[ant-construction.mysapo.net/may-khoan-dong-luc-bosch-gsb-13-re-set-100-chi-tiet-650w-xanh.html]
[bizweb.dktcdn.net/thumb/grande/100/321/299/products/154465135821102db3.jpg]
[bizweb.dktcdn.net/thumb/grande/100/321/299/products/154465140080942db3.jpg]
[bizweb.dktcdn.net/thumb/grande/100/321/299/products/155822817607982db3.jpg]
[bizweb.dktcdn.net/thumb/1024x1024/100/321/299/products/154465135821102db3.jpg]
[bizweb.dktcdn.net/100/321/299/products/154465135821102db3.jpg]
[bizweb.dktcdn.net/100/321/299/products/154465140080942db3.jpg]
[bizweb.dktcdn.net/100/321/299/products/155822817607982db3.jpg]
[bizweb.dktcdn.net/thumb/medium/100/321/299/products/154465135821102db3.jpg]
[bizweb.dktcdn.net/thumb/1024x1024/100/321/299/products/154465140080942db3.jpg]
[bizweb.dktcdn.net/thumb/medium/100/321/299/products/154465140080942db3.jpg]
[bizweb.dktcdn.net/thumb/1024x1024/100/321/299/products/155822817607982db3.jpg]
[bizweb.dktcdn.net/thumb/medium/100/321/299/products/155822817607982db3.jpg]
[ant-construction.mysapo.net/may-phun-xit-rua-ap-luc-cao-bosch-easy-aquatak-110-1300w-xanh-la.html]
[bizweb.dktcdn.net/thumb/grande/100/321/299/products/9604899471390a57b.jpg]
[bizweb.dktcdn.net/thumb/grande/100/321/299/products/9519375745054a57b.jpg]
[bizweb.dktcdn.net/thumb/grande/100/321/299/products/9608591310878a57b.jpg]
[bizweb.dktcdn.net/thumb/1024x1024/100/321/299/products/9604899471390a57b.jpg]
[bizweb.dktcdn.net/100/321/299/products/9604899471390a57b.jpg]
[bizweb.dktcdn.net/100/321/299/products/9519375745054a57b.jpg]
[bizweb.dktcdn.net/100/321/299/products/9608591310878a57b.jpg]
[bizweb.dktcdn.net/100/321/299/products/9611051761694a57b.jpg]
[bizweb.dktcdn.net/thumb/medium/100/321/299/products/9604899471390a57b.jpg]
[bizweb.dktcdn.net/thumb/1024x1024/100/321/299/products/9519375745054a57b.jpg]
[bizweb.dktcdn.net/thumb/medium/100/321/299/products/9519375745054a57b.jpg]
[bizweb.dktcdn.net/thumb/1024x1024/100/321/299/products/9608591310878a57b.jpg]
[bizweb.dktcdn.net/thumb/medium/100/321/299/products/9608591310878a57b.jpg]
[bizweb.dktcdn.net/thumb/1024x1024/100/321/299/products/9611051761694a57b.jpg]
[bizweb.dktcdn.net/thumb/medium/100/321/299/products/9611051761694a57b.jpg]
[ant-construction.mysapo.net/may-cat-sat-bosch-gco-200-2000w-3-to-giay-nham.html]
[bizweb.dktcdn.net/thumb/grande/100/321/299/products/maykhoanf7bd.jpg]
[bizweb.dktcdn.net/thumb/1024x1024/100/321/299/products/maykhoanf7bd.jpg]
[bizweb.dktcdn.net/100/321/299/products/maykhoanf7bd.jpg]
[ant-construction.mysapo.net/may-khoan-professional-bosch-gbm-320-320w-xanh-duong.html]
[bizweb.dktcdn.net/100/321/299/themes/670850/assets/bpr-products-modulef96c.css]
[bizweb.dktcdn.net/100/321/299/themes/670850/assets/account_order_style.scssf96c.css]
[bizweb.dktcdn.net/assets/themes_support/bizweb-api.js]
[bizweb.dktcdn.net/assets/themes_support/common.js]
[bizweb.dktcdn.net/assets/themes_support/customer.js]
[ant-construction.mysapo.net/account/account/login.f1.delayed]
[ant-construction.mysapo.net/account/login.html]
[ant-construction.mysapo.net/account/register.html]
[maxcdn.bootstrapcdn.com/font-awesome/4.7.0/css/font-awesome.min.css]
[bizweb.dktcdn.net/100/321/299/themes/670850/assets/owl.video.play.png]
[ant-construction.mysapo.net/GET.html]
[bizweb.dktcdn.net/thumb/grande/100/321/299/products/9609814474782f229.jpg]
[bizweb.dktcdn.net/thumb/1024x1024/100/321/299/products/9609814474782f229.jpg]
[bizweb.dktcdn.net/100/321/299/products/9609814474782f229.jpg]
[ant-construction.mysapo.net/may-khoan-bua-bosch-gbh-2-24-re-790w.html]
[bizweb.dktcdn.net/thumb/grande/100/321/299/products/9533861134366074e.jpg]
[bizweb.dktcdn.net/thumb/grande/100/321/299/products/9536359890974074e.jpg]
[bizweb.dktcdn.net/thumb/grande/100/321/299/products/9595981627422074e.jpg]
[bizweb.dktcdn.net/thumb/1024x1024/100/321/299/products/9533861134366074e.jpg]
[bizweb.dktcdn.net/100/321/299/products/9533861134366074e.jpg]
[bizweb.dktcdn.net/100/321/299/products/9536359890974074e.jpg]
[bizweb.dktcdn.net/100/321/299/products/9595981627422074e.jpg]
[bizweb.dktcdn.net/thumb/medium/100/321/299/products/9533861134366074e.jpg]
[bizweb.dktcdn.net/thumb/1024x1024/100/321/299/products/9536359890974074e.jpg]
[bizweb.dktcdn.net/thumb/medium/100/321/299/products/9536359890974074e.jpg]
[bizweb.dktcdn.net/thumb/1024x1024/100/321/299/products/9595981627422074e.jpg]
[bizweb.dktcdn.net/thumb/medium/100/321/299/products/9595981627422074e.jpg]
[ant-construction.mysapo.net/may-khoan-van-vit-dung-pin-bosch-gsb-180-li.html]
[bizweb.dktcdn.net/thumb/grande/100/321/299/products/95338611343664ae837653dca4be0be07f.jpg]
[bizweb.dktcdn.net/thumb/grande/100/321/299/products/9536359890974a14095feba8d40d1be07f.jpg]
[bizweb.dktcdn.net/thumb/grande/100/321/299/products/95959816274226131df64d6e0456cae07f.jpg]
[bizweb.dktcdn.net/thumb/1024x1024/100/321/299/products/95338611343664ae837653dca4be0be07f.jpg]
[bizweb.dktcdn.net/100/321/299/products/95338611343664ae837653dca4be0be07f.jpg]
[bizweb.dktcdn.net/100/321/299/products/9536359890974a14095feba8d40d1be07f.jpg]
[bizweb.dktcdn.net/100/321/299/products/95959816274226131df64d6e0456cae07f.jpg]
[bizweb.dktcdn.net/thumb/medium/100/321/299/products/95338611343664ae837653dca4be0be07f.jpg]
[bizweb.dktcdn.net/thumb/1024x1024/100/321/299/products/9536359890974a14095feba8d40d1be07f.jpg]
[bizweb.dktcdn.net/thumb/medium/100/321/299/products/9536359890974a14095feba8d40d1be07f.jpg]
[bizweb.dktcdn.net/thumb/1024x1024/100/321/299/products/95959816274226131df64d6e0456cae07f.jpg]
[bizweb.dktcdn.net/thumb/medium/100/321/299/products/95959816274226131df64d6e0456cae07f.jpg]
[ant-construction.mysapo.net/may-khoan-van-vit-dung-pin-bosch.html]
[bizweb.dktcdn.net/thumb/grande/100/321/299/products/imageresizerdb84.jpg]
[bizweb.dktcdn.net/thumb/grande/100/321/299/products/imageresizer1db84.jpg]
[bizweb.dktcdn.net/thumb/grande/100/321/299/products/d25032dewaltdb84.jpg]
[bizweb.dktcdn.net/thumb/1024x1024/100/321/299/products/imageresizerdb84.jpg]
[bizweb.dktcdn.net/100/321/299/products/imageresizerdb84.jpg]
[bizweb.dktcdn.net/100/321/299/products/imageresizer1db84.jpg]
[bizweb.dktcdn.net/100/321/299/products/d25032dewaltdb84.jpg]
[bizweb.dktcdn.net/100/321/299/products/d25032dewalt67045806695f4d4abadb84.jpg]
[bizweb.dktcdn.net/100/321/299/products/imageresizer147d2677f2d394febbdb84.jpg]
[bizweb.dktcdn.net/100/321/299/products/imageresizerfc5078586895495a96db84.jpg]
[bizweb.dktcdn.net/thumb/medium/100/321/299/products/imageresizerdb84.jpg]
[bizweb.dktcdn.net/thumb/1024x1024/100/321/299/products/imageresizer1db84.jpg]
[bizweb.dktcdn.net/thumb/medium/100/321/299/products/imageresizer1db84.jpg]
[bizweb.dktcdn.net/thumb/1024x1024/100/321/299/products/d25032dewaltdb84.jpg]
[bizweb.dktcdn.net/thumb/medium/100/321/299/products/d25032dewaltdb84.jpg]
[bizweb.dktcdn.net/thumb/1024x1024/100/321/299/products/d25032dewalt67045806695f4d4abadb84.jpg]
[bizweb.dktcdn.net/thumb/medium/100/321/299/products/d25032dewalt67045806695f4d4abadb84.jpg]
[bizweb.dktcdn.net/thumb/1024x1024/100/321/299/products/imageresizer147d2677f2d394febbdb84.jpg]
[bizweb.dktcdn.net/thumb/medium/100/321/299/products/imageresizer147d2677f2d394febbdb84.jpg]
[bizweb.dktcdn.net/thumb/1024x1024/100/321/299/products/imageresizerfc5078586895495a96db84.jpg]
[bizweb.dktcdn.net/thumb/medium/100/321/299/products/imageresizerfc5078586895495a96db84.jpg]
[www.ketnoitieudung.vn/data/ck/images/98696bdc790563c584c8215b5347fc65.jpg]
[ant-construction.mysapo.net/may-khoan-bua-d25032-dewalt.html]
[bizweb.dktcdn.net/thumb/grande/100/321/299/products/imageresizer1936c995d02f345e99cdf3.jpg]
[bizweb.dktcdn.net/thumb/grande/100/321/299/products/imageresizere9f14700d7a04c20b6cdf3.jpg]
[bizweb.dktcdn.net/thumb/1024x1024/100/321/299/products/imageresizer1936c995d02f345e99cdf3.jpg]
[bizweb.dktcdn.net/100/321/299/products/imageresizer1936c995d02f345e99cdf3.jpg]
[bizweb.dktcdn.net/100/321/299/products/imageresizere9f14700d7a04c20b6cdf3.jpg]
[bizweb.dktcdn.net/thumb/medium/100/321/299/products/imageresizer1936c995d02f345e99cdf3.jpg]
[bizweb.dktcdn.net/thumb/1024x1024/100/321/299/products/imageresizere9f14700d7a04c20b6cdf3.jpg]
[bizweb.dktcdn.net/thumb/medium/100/321/299/products/imageresizere9f14700d7a04c20b6cdf3.jpg]
[www.ketnoitieudung.vn/data/ck/images/DW752R.jpg]
[philong.com.vn/media/product/12645-dw752r.jpg]
[ant-construction.mysapo.net/bo-nen-khi-khong-day-flexvolt-60v-max-2-5-gallon.html]
[bizweb.dktcdn.net/thumb/grande/100/321/299/products/maylhoan1436.jpg]
[bizweb.dktcdn.net/thumb/grande/100/321/299/products/imageresizerd33bc9de80034c1ba01436.jpg]
[bizweb.dktcdn.net/thumb/1024x1024/100/321/299/products/maylhoan1436.jpg]
[bizweb.dktcdn.net/100/321/299/products/maylhoan1436.jpg]
[bizweb.dktcdn.net/100/321/299/products/imageresizerd33bc9de80034c1ba01436.jpg]
[bizweb.dktcdn.net/thumb/medium/100/321/299/products/maylhoan1436.jpg]
[bizweb.dktcdn.net/thumb/1024x1024/100/321/299/products/imageresizerd33bc9de80034c1ba01436.jpg]
[bizweb.dktcdn.net/thumb/medium/100/321/299/products/imageresizerd33bc9de80034c1ba01436.jpg]
[philong.com.vn/media/product/12642-thumb.jpg]
[ant-construction.mysapo.net/may-khoan-dong-luc-650w-dewalt-dwd024k-13mm-0-2800rpm-kem-vali-mui.html]
[bizweb.dktcdn.net/thumb/grande/100/321/299/products/imageresizerf64c020cccc94a10b53940.jpg]
[bizweb.dktcdn.net/thumb/grande/100/321/299/products/maylhoanff2e6943b61f49b69c25653940.jpg]
[bizweb.dktcdn.net/thumb/1024x1024/100/321/299/products/imageresizerf64c020cccc94a10b53940.jpg]
[bizweb.dktcdn.net/100/321/299/products/imageresizerf64c020cccc94a10b53940.jpg]
[bizweb.dktcdn.net/100/321/299/products/maylhoanff2e6943b61f49b69c25653940.jpg]
[bizweb.dktcdn.net/thumb/medium/100/321/299/products/imageresizerf64c020cccc94a10b53940.jpg]
[bizweb.dktcdn.net/thumb/1024x1024/100/321/299/products/maylhoanff2e6943b61f49b69c25653940.jpg]
[bizweb.dktcdn.net/thumb/medium/100/321/299/products/maylhoanff2e6943b61f49b69c25653940.jpg]
[ant-construction.mysapo.net/may-thoi-hoi-nong-dewalt-d26414.html]
[ant-construction.mysapo.net/collections/account/login.html]
[bizweb.dktcdn.net/thumb/grande/100/321/299/products/imageresizerd38634d0f9564670982870.jpg]
[bizweb.dktcdn.net/thumb/grande/100/321/299/products/imageresizer15e5a67ab79e6433892870.jpg]
[bizweb.dktcdn.net/thumb/1024x1024/100/321/299/products/imageresizerd38634d0f9564670982870.jpg]
[bizweb.dktcdn.net/100/321/299/products/imageresizerd38634d0f9564670982870.jpg]
[bizweb.dktcdn.net/100/321/299/products/imageresizer15e5a67ab79e6433892870.jpg]
[bizweb.dktcdn.net/thumb/medium/100/321/299/products/imageresizerd38634d0f9564670982870.jpg]
[bizweb.dktcdn.net/thumb/1024x1024/100/321/299/products/imageresizer15e5a67ab79e6433892870.jpg]
[bizweb.dktcdn.net/thumb/medium/100/321/299/products/imageresizer15e5a67ab79e6433892870.jpg]
[ant-construction.mysapo.net/may-khoan-bua-2-chuc-nang-dewalt-d25032k.html]
[bizweb.dktcdn.net/thumb/grande/100/321/299/products/2d69d.jpg]
[bizweb.dktcdn.net/thumb/grande/100/321/299/products/3d69d.jpg]
[bizweb.dktcdn.net/thumb/grande/100/321/299/products/imageresizer754fbb25e19641ec92d69d.jpg]
[bizweb.dktcdn.net/thumb/1024x1024/100/321/299/products/2d69d.jpg]
[bizweb.dktcdn.net/100/321/299/products/2d69d.jpg]
[bizweb.dktcdn.net/100/321/299/products/3d69d.jpg]
[bizweb.dktcdn.net/100/321/299/products/imageresizer754fbb25e19641ec92d69d.jpg]
[bizweb.dktcdn.net/thumb/medium/100/321/299/products/2d69d.jpg]
[bizweb.dktcdn.net/thumb/1024x1024/100/321/299/products/3d69d.jpg]
[bizweb.dktcdn.net/thumb/medium/100/321/299/products/3d69d.jpg]
[bizweb.dktcdn.net/thumb/1024x1024/100/321/299/products/imageresizer754fbb25e19641ec92d69d.jpg]
[bizweb.dktcdn.net/thumb/medium/100/321/299/products/imageresizer754fbb25e19641ec92d69d.jpg]
[ant-construction.mysapo.net/may-khoan-bua-3-chuc-nang-dewalt-d25133k.html]
[bizweb.dktcdn.net/thumb/grande/100/321/299/products/2da2c1f31dc7b4bc8982d0e70401f03aba.jpg]
[bizweb.dktcdn.net/thumb/1024x1024/100/321/299/products/2da2c1f31dc7b4bc8982d0e70401f03aba.jpg]
[bizweb.dktcdn.net/100/321/299/products/2da2c1f31dc7b4bc8982d0e70401f03aba.jpg]
[st.meta.com.vn/img/thumb.ashx/data/image/2016/08/16/may-khoan-Dewalt-DWD024-vang.jpg]
[ant-construction.mysapo.net/may-khoan-dong-luc-650w-dewalt-dwd024.html]
[bizweb.dktcdn.net/thumb/grande/100/321/299/products/2aae0b1ce737e46baae74fdf35c041efa9.jpg]
[bizweb.dktcdn.net/thumb/grande/100/321/299/products/3751bb114180240b98c9cb5a6580baefa9.jpg]
[bizweb.dktcdn.net/thumb/grande/100/321/299/products/imageresizerd00e54e8d946439585efa9.jpg]
[bizweb.dktcdn.net/thumb/1024x1024/100/321/299/products/2aae0b1ce737e46baae74fdf35c041efa9.jpg]
[bizweb.dktcdn.net/100/321/299/products/2aae0b1ce737e46baae74fdf35c041efa9.jpg]
[bizweb.dktcdn.net/100/321/299/products/3751bb114180240b98c9cb5a6580baefa9.jpg]
[bizweb.dktcdn.net/100/321/299/products/imageresizerd00e54e8d946439585efa9.jpg]
[bizweb.dktcdn.net/thumb/medium/100/321/299/products/2aae0b1ce737e46baae74fdf35c041efa9.jpg]
[bizweb.dktcdn.net/thumb/1024x1024/100/321/299/products/3751bb114180240b98c9cb5a6580baefa9.jpg]
[bizweb.dktcdn.net/thumb/medium/100/321/299/products/3751bb114180240b98c9cb5a6580baefa9.jpg]
[bizweb.dktcdn.net/thumb/1024x1024/100/321/299/products/imageresizerd00e54e8d946439585efa9.jpg]
[bizweb.dktcdn.net/thumb/medium/100/321/299/products/imageresizerd00e54e8d946439585efa9.jpg]
[bizweb.dktcdn.net/thumb/small/100/321/299/products/2aae0b1ce737e46baae74fdf35c041efa9.jpg]
[bizweb.dktcdn.net/100/321/299/themes/670850/assets/soldoutf96c.png]
[bizweb.dktcdn.net/100/321/299/themes/670850/assets/select-prof96c.png]
[bizweb.dktcdn.net/100/319/764/files/33b9c.jpg]
[ant-construction.mysapo.net/may-khoan-dao-chieu-550w-dewalt-dwd022k.html]
[bizweb.dktcdn.net/thumb/grande/100/321/299/articles/20-m2-1-1529652671-680x050e5.jpg]
[bizweb.dktcdn.net/100/321/299/articles/20-m2-1-1529652671-680x050e5.jpg]
[bizweb.dktcdn.net/100/321/299/files/20-m2-1-1529652671-680x07add.jpg]
[bizweb.dktcdn.net/100/321/299/files/20-m2-2-1529652671-680x09e8c.jpg]
[bizweb.dktcdn.net/100/321/299/files/20-m2-3-1529652671-680x02d2a.jpg]
[ant-construction.mysapo.net/can-ho-20-m2-nhin-khong-thay-do-nhung-co-du-moi-thu.html]
[bizweb.dktcdn.net/thumb/grande/100/321/299/articles/ban-cong-3-1530080506-680x00c46.jpg]
[bizweb.dktcdn.net/100/321/299/articles/ban-cong-3-1530080506-680x00c46.jpg]
[bizweb.dktcdn.net/100/321/299/files/ban-cong-2-1530080505-680x0ba6b.jpg]
[bizweb.dktcdn.net/100/321/299/files/ban-cong-3-1530080506-680x022a7.jpg]
[bizweb.dktcdn.net/100/321/299/files/ban-cong-11-1530080509-680x0740a.jpg]
[ant-construction.mysapo.net/trong-rau-trong-nha-va-ban-cong-gia-dinh-viet-o-czech-du-an-quanh-nam.html]
[ant-construction.mysapo.net/biet-thu-phong-cach-bac-au-tren-doi-thong-o-vinh-phuc.html]
[ant-construction.mysapo.net/nha-33-m2-thoang-rong-nho-gac-xep-don-gian.html]
[ant-construction.mysapo.net/tin-tuc2679.html]
[ant-construction.mysapo.net/tin-tuc4658.html]
[i-giadinh.vnecdn.net/2018/06/15/v3-1529012820_680x0.jpg]
[i-giadinh.vnecdn.net/2018/06/15/v5-1529012853_680x0.jpg]
[bizweb.dktcdn.net/100/321/299/themes/670850/assets/lightboxf96c.css]
[bizweb.dktcdn.net/100/321/299/themes/670850/assets/lg88c2.ttf]
[bizweb.dktcdn.net/100/321/299/themes/670850/assets/account_order_style.scssf96c.css]
[ant-construction.mysapo.net/account/account/login.html]
[bizweb.dktcdn.net/100/321/299/themes/670850/assets/ico-selectce9b.png]
[bizweb.dktcdn.net/thumb/grande/100/321/299/articles/go-9-1530158858-680x011e5.jpg]
[bizweb.dktcdn.net/100/321/299/articles/go-9-1530158858-680x011e5.jpg]
[i-giadinh.vnecdn.net/2018/06/28/hien-trang-nha-1530175076_680x0.jpg]
[i-giadinh.vnecdn.net/2018/06/28/go-1-1530158855_680x0.jpg]
[i-giadinh.vnecdn.net/2018/06/28/go-2-1530158855_680x0.jpg]
[i-giadinh.vnecdn.net/2018/06/28/go-5-1530158856_680x0.jpg]
[i-giadinh.vnecdn.net/2018/06/28/go-8-1530158858_680x0.jpg]
[i-giadinh.vnecdn.net/2018/06/28/go-9-1530158858_680x0.jpg]
[ant-construction.mysapo.net/biet-thu-phong-cach-bac-au-tren-doi-thong-o-vinh-phuc.html]
[bizweb.dktcdn.net/thumb/grande/100/321/299/articles/33-m2-2-1530498369-680x00147.jpg]
[bizweb.dktcdn.net/100/321/299/articles/33-m2-2-1530498369-680x00147.jpg]
[i-giadinh.vnecdn.net/2018/07/02/33-m2-1-1530498368_680x0.jpg]
[i-giadinh.vnecdn.net/2018/07/02/33-m2-2-1530498369_680x0.jpg]
[i-giadinh.vnecdn.net/2018/07/02/33-m2-3-1530498369_680x0.jpg]
[i-giadinh.vnecdn.net/2018/07/02/33-m2-4-1530498369_680x0.jpg]
[i-giadinh.vnecdn.net/2018/07/02/33-m2-5-1530498370_680x0.jpg]
[i-giadinh.vnecdn.net/2018/07/02/33-m2-6-1530498370_680x0.jpg]
[i-giadinh.vnecdn.net/2018/07/02/33-m2-7-1530498370_680x0.jpg]
[ant-construction.mysapo.net/nha-33-m2-thoang-rong-nho-gac-xep-don-gian.html]
[ant-construction.mysapo.net/tin-tuc2679.html]
[bizweb.dktcdn.net/100/321/299/themes/670850/assets/star.svg]
[cdn02.static-adayroi.com/0/2016/02/25/1456388495131_8109180.jpg]
[cdn02.static-adayroi.com/0/2016/01/14/1452749414079_6700772.jpg]
[cdn02.static-adayroi.com/0/2017/04/11/1491906621289_8346475.jpg]
[i-giadinh.vnecdn.net/2018/06/28/go-3-1530158856_680x0.jpg]
[i-giadinh.vnecdn.net/2018/06/28/go-7-1530158857_680x0.jpg]
[www.toolvietnam.com/wp-content/uploads/2017/04/udarno-kladivo-dewalt-D25032K-1-300x300.jpg]
